// Jest Snapshot v1, https://goo.gl/fbAQLP

exports[`GTF utils test parsing/formating a gtf feature 1`] = `
Object {
  "attributes": Object {
    "gene_id": Array [
      "EDEN",
    ],
    "gene_name": Array [
      "EDEN",
    ],
    "transcript_id": Array [
      "EDEN.3",
    ],
  },
  "end": 3902,
  "feature": "CDS",
  "frame": "0",
  "score": null,
  "seq_name": "ctgA",
  "source": "example",
  "start": 3301,
  "strand": "+",
}
`;
